// Jest Snapshot v1, https://goo.gl/fbAQLP

exports[`CarouselModal component it displays the next image 1`] = `
<div
  className="style__Container-sc-1jgu9eh-0 hirjaI"
>
  <div
    className="topRow"
  >
    <span
      className="fa-stack fa-2x"
      onClick={[Function]}
    >
      <i
        className="far fa-circle fa-stack-2x"
      />
      <i
        className="fas fa-chevron-left fa-stack-1x"
      />
    </span>
    <img
      className="style__MainImage-sc-1jgu9eh-3 iBEeis"
      src="http://placeimg.com/640/480/food"
    />
    <span
      className="fa-stack fa-2x"
      onClick={[Function]}
    >
      <i
        className="far fa-circle fa-stack-2x"
      />
      <i
        className="fas fa-chevron-right fa-stack-1x"
      />
    </span>
  </div>
  <div
    className="style__Thumbnails-sc-1jgu9eh-1 lfkSAx"
  >
    <img
      className="style__Thumbnail-sc-1jgu9eh-2 eKEUVQ"
      onClick={[Function]}
      src="http://placeimg.com/640/480/food"
    />
    <img
      className="style__Thumbnail-sc-1jgu9eh-2 eKEUVQ"
      onClick={[Function]}
      src="http://placeimg.com/640/480/abstract"
    />
    <img
      className="style__Thumbnail-sc-1jgu9eh-2 eKEUVQ"
      onClick={[Function]}
      src="http://placeimg.com/640/480/fashion"
    />
  </div>
  <i
    className="fas fa-times-circle fa-4x"
  />
</div>
`;
